#
# There is insufficient memory for the Java Runtime Environment to continue.
# Native memory allocation (malloc) failed to allocate 32744 bytes for ChunkPool::allocate
# Possible reasons:
#   The system is out of physical RAM or swap space
#   The process is running with CompressedOops enabled, and the Java Heap may be blocking the growth of the native heap
# Possible solutions:
#   Reduce memory load on the system
#   Increase physical memory or swap space
#   Check if swap backing store is full
#   Decrease Java heap size (-Xmx/-Xms)
#   Decrease number of Java threads
#   Decrease Java thread stack sizes (-Xss)
#   Set larger code cache with -XX:ReservedCodeCacheSize=
#   JVM is running with Zero Based Compressed Oops mode in which the Java heap is
#     placed in the first 32GB address space. The Java Heap base address is the
#     maximum limit for the native heap growth. Please use -XX:HeapBaseMinAddress
#     to set the Java Heap base and to place the Java Heap above 32GB virtual address.
# This output file may be truncated or incomplete.
#
#  Out of Memory Error (arena.cpp:79), pid=26656, tid=21056
#
# JRE version: OpenJDK Runtime Environment (17.0.10) (build 17.0.10+0--11609105)
# Java VM: OpenJDK 64-Bit Server VM (17.0.10+0--11609105, mixed mode, tiered, compressed oops, compressed class ptrs, g1 gc, windows-amd64)
# No core dump will be written. Minidumps are not enabled by default on client versions of Windows
#

---------------  S U M M A R Y ------------

Command Line: -Dorg.gradle.appname=gradlew org.gradle.wrapper.GradleWrapperMain -q -Ptarget-platform=android-arm64 -Ptarget=E:\skincare1\lib\main.dart -Pbase-application-name=android.app.Application -Pdart-defines=Zmx1dHRlci5pbnNwZWN0b3Iuc3RydWN0dXJlZEVycm9ycz10cnVl -Pdart-obfuscation=false -Ptrack-widget-creation=true -Ptree-shake-icons=false -Pfilesystem-scheme=org-dartlang-root assembleDebug

Host: Intel(R) Core(TM) i7-9750H CPU @ 2.60GHz, 12 cores, 15G,  Windows 11 , 64 bit Build 22621 (10.0.22621.4391)
Time: Wed Jan 22 18:52:06 2025 Caucasus Standard Time elapsed time: 13.420213 seconds (0d 0h 0m 13s)

---------------  T H R E A D  ---------------

Current thread (0x0000013dfef17d60):  JavaThread "C1 CompilerThread0" daemon [_thread_in_native, id=21056, stack(0x000000364cb00000,0x000000364cc00000)]


Current CompileTask:
C1:  13420 1183       3       org.gradle.internal.logging.text.AbstractLineChoppingStyledTextOutput$1::execute (140 bytes)

Stack: [0x000000364cb00000,0x000000364cc00000]
Native frames: (J=compiled Java code, j=interpreted, Vv=VM code, C=native code)
V  [jvm.dll+0x688de9]
V  [jvm.dll+0x8423da]
V  [jvm.dll+0x84401e]
V  [jvm.dll+0x844683]
V  [jvm.dll+0x24be0f]
V  [jvm.dll+0xac721]
V  [jvm.dll+0xacb6c]
V  [jvm.dll+0x17e091]
V  [jvm.dll+0x180b79]
V  [jvm.dll+0x181170]
V  [jvm.dll+0x181000]
V  [jvm.dll+0x1794ef]
V  [jvm.dll+0x1784c6]
V  [jvm.dll+0x181c2b]
V  [jvm.dll+0x1796c8]
V  [jvm.dll+0x17cdef]
V  [jvm.dll+0x137393]
V  [jvm.dll+0x136c9f]
V  [jvm.dll+0x136ed6]
V  [jvm.dll+0x13636a]
V  [jvm.dll+0x138021]
V  [jvm.dll+0x22cd78]
V  [jvm.dll+0x22aeb0]
V  [jvm.dll+0x7f6877]
V  [jvm.dll+0x7f0c7a]
V  [jvm.dll+0x687c65]
C  [ucrtbase.dll+0x29333]
C  [KERNEL32.DLL+0x1259d]
C  [ntdll.dll+0x5af38]


---------------  P R O C E S S  ---------------

Threads class SMR info:
_java_thread_list=0x0000013d99d87cf0, length=15, elements={
0x0000013df504af20, 0x0000013dfeeda250, 0x0000013dfeedd6f0, 0x0000013dfeef2490,
0x0000013dfeef2e50, 0x0000013dfef15da0, 0x0000013dfef16670, 0x0000013dfef17360,
0x0000013dfef17d60, 0x0000013dfef0fe10, 0x0000013dff094390, 0x0000013dff0a1100,
0x0000013d99a9e090, 0x0000013d99bb0d30, 0x0000013d99d81010
}

Java Threads: ( => current thread )
  0x0000013df504af20 JavaThread "main" [_thread_in_native, id=20020, stack(0x000000364bd00000,0x000000364be00000)]
  0x0000013dfeeda250 JavaThread "Reference Handler" daemon [_thread_blocked, id=25064, stack(0x000000364c400000,0x000000364c500000)]
  0x0000013dfeedd6f0 JavaThread "Finalizer" daemon [_thread_blocked, id=15680, stack(0x000000364c500000,0x000000364c600000)]
  0x0000013dfeef2490 JavaThread "Signal Dispatcher" daemon [_thread_blocked, id=11124, stack(0x000000364c600000,0x000000364c700000)]
  0x0000013dfeef2e50 JavaThread "Attach Listener" daemon [_thread_blocked, id=27596, stack(0x000000364c700000,0x000000364c800000)]
  0x0000013dfef15da0 JavaThread "Service Thread" daemon [_thread_blocked, id=26772, stack(0x000000364c800000,0x000000364c900000)]
  0x0000013dfef16670 JavaThread "Monitor Deflation Thread" daemon [_thread_blocked, id=6276, stack(0x000000364c900000,0x000000364ca00000)]
  0x0000013dfef17360 JavaThread "C2 CompilerThread0" daemon [_thread_blocked, id=27280, stack(0x000000364ca00000,0x000000364cb00000)]
=>0x0000013dfef17d60 JavaThread "C1 CompilerThread0" daemon [_thread_in_native, id=21056, stack(0x000000364cb00000,0x000000364cc00000)]
  0x0000013dfef0fe10 JavaThread "Sweeper thread" daemon [_thread_blocked, id=22808, stack(0x000000364cc00000,0x000000364cd00000)]
  0x0000013dff094390 JavaThread "Notification Thread" daemon [_thread_blocked, id=4560, stack(0x000000364cd00000,0x000000364ce00000)]
  0x0000013dff0a1100 JavaThread "Common-Cleaner" daemon [_thread_blocked, id=20620, stack(0x000000364cf00000,0x000000364d000000)]
  0x0000013d99a9e090 JavaThread "pool-1-thread-1" [_thread_blocked, id=23788, stack(0x000000364d600000,0x000000364d700000)]
  0x0000013d99bb0d30 JavaThread "DisconnectableInputStream source reader" daemon [_thread_in_native, id=7916, stack(0x000000364d700000,0x000000364d800000)]
  0x0000013d99d81010 JavaThread "Forward input" [_thread_blocked, id=24100, stack(0x000000364d800000,0x000000364d900000)]

Other Threads:
  0x0000013dfe441d10 VMThread "VM Thread" [stack: 0x000000364c300000,0x000000364c400000] [id=14872]
  0x0000013dff096c90 WatcherThread [stack: 0x000000364ce00000,0x000000364cf00000] [id=6268]
  0x0000013df50b58d0 GCTaskThread "GC Thread#0" [stack: 0x000000364be00000,0x000000364bf00000] [id=24032]
  0x0000013d99464840 GCTaskThread "GC Thread#1" [stack: 0x000000364d100000,0x000000364d200000] [id=23820]
  0x0000013d99464b00 GCTaskThread "GC Thread#2" [stack: 0x000000364d200000,0x000000364d300000] [id=9264]
  0x0000013d99951430 GCTaskThread "GC Thread#3" [stack: 0x000000364d300000,0x000000364d400000] [id=19448]
  0x0000013d99951b00 GCTaskThread "GC Thread#4" [stack: 0x000000364d400000,0x000000364d500000] [id=25028]
  0x0000013d99970a50 GCTaskThread "GC Thread#5" [stack: 0x000000364d500000,0x000000364d600000] [id=27680]
  0x0000013df50c66f0 ConcurrentGCThread "G1 Main Marker" [stack: 0x000000364bf00000,0x000000364c000000] [id=10632]
  0x0000013df50c8c90 ConcurrentGCThread "G1 Conc#0" [stack: 0x000000364c000000,0x000000364c100000] [id=27376]
  0x0000013dfe369760 ConcurrentGCThread "G1 Refine#0" [stack: 0x000000364c100000,0x000000364c200000] [id=12456]
  0x0000013dfe36a190 ConcurrentGCThread "G1 Service" [stack: 0x000000364c200000,0x000000364c300000] [id=28124]

Threads with active compile tasks:
C1 CompilerThread0    13504 1183       3       org.gradle.internal.logging.text.AbstractLineChoppingStyledTextOutput$1::execute (140 bytes)

VM state: not at safepoint (normal execution)

VM Mutex/Monitor currently owned by a thread: None

Heap address: 0x0000000702800000, size: 4056 MB, Compressed Oops mode: Zero based, Oop shift amount: 3

CDS archive(s) not mapped
Compressed class space mapped at: 0x0000000800000000-0x0000000840000000, reserved size: 1073741824
Narrow klass base: 0x0000000800000000, Narrow klass shift: 0, Narrow klass range: 0x40000000

GC Precious Log:
 CPUs: 12 total, 12 available
 Memory: 16221M
 Large Page Support: Disabled
 NUMA Support: Disabled
 Compressed Oops: Enabled (Zero based)
 Heap Region Size: 2M
 Heap Min Capacity: 8M
 Heap Initial Capacity: 254M
 Heap Max Capacity: 4056M
 Pre-touch: Disabled
 Parallel Workers: 10
 Concurrent Workers: 3
 Concurrent Refinement Workers: 10
 Periodic GC: Disabled

Heap:
 garbage-first heap   total 260096K, used 22397K [0x0000000702800000, 0x0000000800000000)
  region size 2048K, 9 young (18432K), 2 survivors (4096K)
 Metaspace       used 16435K, committed 16704K, reserved 1114112K
  class space    used 1916K, committed 2048K, reserved 1048576K

Heap Regions: E=young(eden), S=young(survivor), O=old, HS=humongous(starts), HC=humongous(continues), CS=collection set, F=free, OA=open archive, CA=closed archive, TAMS=top-at-mark-start (previous, next)
|   0|0x0000000702800000, 0x0000000702a00000, 0x0000000702a00000|100%|HS|  |TAMS 0x0000000702800000, 0x0000000702800000| Complete 
|   1|0x0000000702a00000, 0x0000000702c00000, 0x0000000702c00000|100%|HC|  |TAMS 0x0000000702a00000, 0x0000000702a00000| Complete 
|   2|0x0000000702c00000, 0x0000000702ddf400, 0x0000000702e00000| 93%| O|  |TAMS 0x0000000702c00000, 0x0000000702c00000| Untracked 
|   3|0x0000000702e00000, 0x0000000702e00000, 0x0000000703000000|  0%| F|  |TAMS 0x0000000702e00000, 0x0000000702e00000| Untracked 
|   4|0x0000000703000000, 0x0000000703000000, 0x0000000703200000|  0%| F|  |TAMS 0x0000000703000000, 0x0000000703000000| Untracked 
|   5|0x0000000703200000, 0x0000000703200000, 0x0000000703400000|  0%| F|  |TAMS 0x0000000703200000, 0x0000000703200000| Untracked 
|   6|0x0000000703400000, 0x0000000703400000, 0x0000000703600000|  0%| F|  |TAMS 0x0000000703400000, 0x0000000703400000| Untracked 
|   7|0x0000000703600000, 0x0000000703600000, 0x0000000703800000|  0%| F|  |TAMS 0x0000000703600000, 0x0000000703600000| Untracked 
|   8|0x0000000703800000, 0x0000000703800000, 0x0000000703a00000|  0%| F|  |TAMS 0x0000000703800000, 0x0000000703800000| Untracked 
|   9|0x0000000703a00000, 0x0000000703a00000, 0x0000000703c00000|  0%| F|  |TAMS 0x0000000703a00000, 0x0000000703a00000| Untracked 
|  10|0x0000000703c00000, 0x0000000703c00000, 0x0000000703e00000|  0%| F|  |TAMS 0x0000000703c00000, 0x0000000703c00000| Untracked 
|  11|0x0000000703e00000, 0x0000000703e00000, 0x0000000704000000|  0%| F|  |TAMS 0x0000000703e00000, 0x0000000703e00000| Untracked 
|  12|0x0000000704000000, 0x0000000704000000, 0x0000000704200000|  0%| F|  |TAMS 0x0000000704000000, 0x0000000704000000| Untracked 
|  13|0x0000000704200000, 0x0000000704200000, 0x0000000704400000|  0%| F|  |TAMS 0x0000000704200000, 0x0000000704200000| Untracked 
|  14|0x0000000704400000, 0x0000000704400000, 0x0000000704600000|  0%| F|  |TAMS 0x0000000704400000, 0x0000000704400000| Untracked 
|  15|0x0000000704600000, 0x0000000704600000, 0x0000000704800000|  0%| F|  |TAMS 0x0000000704600000, 0x0000000704600000| Untracked 
|  16|0x0000000704800000, 0x0000000704800000, 0x0000000704a00000|  0%| F|  |TAMS 0x0000000704800000, 0x0000000704800000| Untracked 
|  17|0x0000000704a00000, 0x0000000704a00000, 0x0000000704c00000|  0%| F|  |TAMS 0x0000000704a00000, 0x0000000704a00000| Untracked 
|  18|0x0000000704c00000, 0x0000000704c00000, 0x0000000704e00000|  0%| F|  |TAMS 0x0000000704c00000, 0x0000000704c00000| Untracked 
|  19|0x0000000704e00000, 0x0000000704e00000, 0x0000000705000000|  0%| F|  |TAMS 0x0000000704e00000, 0x0000000704e00000| Untracked 
|  20|0x0000000705000000, 0x0000000705000000, 0x0000000705200000|  0%| F|  |TAMS 0x0000000705000000, 0x0000000705000000| Untracked 
|  21|0x0000000705200000, 0x0000000705200000, 0x0000000705400000|  0%| F|  |TAMS 0x0000000705200000, 0x0000000705200000| Untracked 
|  22|0x0000000705400000, 0x0000000705400000, 0x0000000705600000|  0%| F|  |TAMS 0x0000000705400000, 0x0000000705400000| Untracked 
|  23|0x0000000705600000, 0x0000000705600000, 0x0000000705800000|  0%| F|  |TAMS 0x0000000705600000, 0x0000000705600000| Untracked 
|  24|0x0000000705800000, 0x0000000705800000, 0x0000000705a00000|  0%| F|  |TAMS 0x0000000705800000, 0x0000000705800000| Untracked 
|  25|0x0000000705a00000, 0x0000000705a00000, 0x0000000705c00000|  0%| F|  |TAMS 0x0000000705a00000, 0x0000000705a00000| Untracked 
|  26|0x0000000705c00000, 0x0000000705c00000, 0x0000000705e00000|  0%| F|  |TAMS 0x0000000705c00000, 0x0000000705c00000| Untracked 
|  27|0x0000000705e00000, 0x0000000705e00000, 0x0000000706000000|  0%| F|  |TAMS 0x0000000705e00000, 0x0000000705e00000| Untracked 
|  28|0x0000000706000000, 0x0000000706000000, 0x0000000706200000|  0%| F|  |TAMS 0x0000000706000000, 0x0000000706000000| Untracked 
|  29|0x0000000706200000, 0x0000000706200000, 0x0000000706400000|  0%| F|  |TAMS 0x0000000706200000, 0x0000000706200000| Untracked 
|  30|0x0000000706400000, 0x0000000706400000, 0x0000000706600000|  0%| F|  |TAMS 0x0000000706400000, 0x0000000706400000| Untracked 
|  31|0x0000000706600000, 0x0000000706600000, 0x0000000706800000|  0%| F|  |TAMS 0x0000000706600000, 0x0000000706600000| Untracked 
|  32|0x0000000706800000, 0x0000000706800000, 0x0000000706a00000|  0%| F|  |TAMS 0x0000000706800000, 0x0000000706800000| Untracked 
|  33|0x0000000706a00000, 0x0000000706a00000, 0x0000000706c00000|  0%| F|  |TAMS 0x0000000706a00000, 0x0000000706a00000| Untracked 
|  34|0x0000000706c00000, 0x0000000706c00000, 0x0000000706e00000|  0%| F|  |TAMS 0x0000000706c00000, 0x0000000706c00000| Untracked 
|  35|0x0000000706e00000, 0x0000000706e00000, 0x0000000707000000|  0%| F|  |TAMS 0x0000000706e00000, 0x0000000706e00000| Untracked 
|  36|0x0000000707000000, 0x0000000707000000, 0x0000000707200000|  0%| F|  |TAMS 0x0000000707000000, 0x0000000707000000| Untracked 
|  37|0x0000000707200000, 0x0000000707200000, 0x0000000707400000|  0%| F|  |TAMS 0x0000000707200000, 0x0000000707200000| Untracked 
|  38|0x0000000707400000, 0x0000000707400000, 0x0000000707600000|  0%| F|  |TAMS 0x0000000707400000, 0x0000000707400000| Untracked 
|  39|0x0000000707600000, 0x0000000707600000, 0x0000000707800000|  0%| F|  |TAMS 0x0000000707600000, 0x0000000707600000| Untracked 
|  40|0x0000000707800000, 0x0000000707800000, 0x0000000707a00000|  0%| F|  |TAMS 0x0000000707800000, 0x0000000707800000| Untracked 
|  41|0x0000000707a00000, 0x0000000707a00000, 0x0000000707c00000|  0%| F|  |TAMS 0x0000000707a00000, 0x0000000707a00000| Untracked 
|  42|0x0000000707c00000, 0x0000000707c00000, 0x0000000707e00000|  0%| F|  |TAMS 0x0000000707c00000, 0x0000000707c00000| Untracked 
|  43|0x0000000707e00000, 0x0000000707e00000, 0x0000000708000000|  0%| F|  |TAMS 0x0000000707e00000, 0x0000000707e00000| Untracked 
|  44|0x0000000708000000, 0x0000000708000000, 0x0000000708200000|  0%| F|  |TAMS 0x0000000708000000, 0x0000000708000000| Untracked 
|  45|0x0000000708200000, 0x0000000708200000, 0x0000000708400000|  0%| F|  |TAMS 0x0000000708200000, 0x0000000708200000| Untracked 
|  46|0x0000000708400000, 0x0000000708400000, 0x0000000708600000|  0%| F|  |TAMS 0x0000000708400000, 0x0000000708400000| Untracked 
|  47|0x0000000708600000, 0x0000000708600000, 0x0000000708800000|  0%| F|  |TAMS 0x0000000708600000, 0x0000000708600000| Untracked 
|  48|0x0000000708800000, 0x0000000708800000, 0x0000000708a00000|  0%| F|  |TAMS 0x0000000708800000, 0x0000000708800000| Untracked 
|  49|0x0000000708a00000, 0x0000000708a00000, 0x0000000708c00000|  0%| F|  |TAMS 0x0000000708a00000, 0x0000000708a00000| Untracked 
|  50|0x0000000708c00000, 0x0000000708c00000, 0x0000000708e00000|  0%| F|  |TAMS 0x0000000708c00000, 0x0000000708c00000| Untracked 
|  51|0x0000000708e00000, 0x0000000708e00000, 0x0000000709000000|  0%| F|  |TAMS 0x0000000708e00000, 0x0000000708e00000| Untracked 
|  52|0x0000000709000000, 0x0000000709000000, 0x0000000709200000|  0%| F|  |TAMS 0x0000000709000000, 0x0000000709000000| Untracked 
|  53|0x0000000709200000, 0x0000000709200000, 0x0000000709400000|  0%| F|  |TAMS 0x0000000709200000, 0x0000000709200000| Untracked 
|  54|0x0000000709400000, 0x0000000709400000, 0x0000000709600000|  0%| F|  |TAMS 0x0000000709400000, 0x0000000709400000| Untracked 
|  55|0x0000000709600000, 0x0000000709600000, 0x0000000709800000|  0%| F|  |TAMS 0x0000000709600000, 0x0000000709600000| Untracked 
|  56|0x0000000709800000, 0x0000000709800000, 0x0000000709a00000|  0%| F|  |TAMS 0x0000000709800000, 0x0000000709800000| Untracked 
|  57|0x0000000709a00000, 0x0000000709a00000, 0x0000000709c00000|  0%| F|  |TAMS 0x0000000709a00000, 0x0000000709a00000| Untracked 
|  58|0x0000000709c00000, 0x0000000709c00000, 0x0000000709e00000|  0%| F|  |TAMS 0x0000000709c00000, 0x0000000709c00000| Untracked 
|  59|0x0000000709e00000, 0x0000000709e00000, 0x000000070a000000|  0%| F|  |TAMS 0x0000000709e00000, 0x0000000709e00000| Untracked 
|  60|0x000000070a000000, 0x000000070a000000, 0x000000070a200000|  0%| F|  |TAMS 0x000000070a000000, 0x000000070a000000| Untracked 
|  61|0x000000070a200000, 0x000000070a200000, 0x000000070a400000|  0%| F|  |TAMS 0x000000070a200000, 0x000000070a200000| Untracked 
|  62|0x000000070a400000, 0x000000070a400000, 0x000000070a600000|  0%| F|  |TAMS 0x000000070a400000, 0x000000070a400000| Untracked 
|  63|0x000000070a600000, 0x000000070a600000, 0x000000070a800000|  0%| F|  |TAMS 0x000000070a600000, 0x000000070a600000| Untracked 
|  64|0x000000070a800000, 0x000000070a800000, 0x000000070aa00000|  0%| F|  |TAMS 0x000000070a800000, 0x000000070a800000| Untracked 
|  65|0x000000070aa00000, 0x000000070aa00000, 0x000000070ac00000|  0%| F|  |TAMS 0x000000070aa00000, 0x000000070aa00000| Untracked 
|  66|0x000000070ac00000, 0x000000070ac00000, 0x000000070ae00000|  0%| F|  |TAMS 0x000000070ac00000, 0x000000070ac00000| Untracked 
|  67|0x000000070ae00000, 0x000000070ae00000, 0x000000070b000000|  0%| F|  |TAMS 0x000000070ae00000, 0x000000070ae00000| Untracked 
|  68|0x000000070b000000, 0x000000070b000000, 0x000000070b200000|  0%| F|  |TAMS 0x000000070b000000, 0x000000070b000000| Untracked 
|  69|0x000000070b200000, 0x000000070b200000, 0x000000070b400000|  0%| F|  |TAMS 0x000000070b200000, 0x000000070b200000| Untracked 
|  70|0x000000070b400000, 0x000000070b400000, 0x000000070b600000|  0%| F|  |TAMS 0x000000070b400000, 0x000000070b400000| Untracked 
|  71|0x000000070b600000, 0x000000070b600000, 0x000000070b800000|  0%| F|  |TAMS 0x000000070b600000, 0x000000070b600000| Untracked 
|  72|0x000000070b800000, 0x000000070b800000, 0x000000070ba00000|  0%| F|  |TAMS 0x000000070b800000, 0x000000070b800000| Untracked 
|  73|0x000000070ba00000, 0x000000070ba00000, 0x000000070bc00000|  0%| F|  |TAMS 0x000000070ba00000, 0x000000070ba00000| Untracked 
|  74|0x000000070bc00000, 0x000000070bc00000, 0x000000070be00000|  0%| F|  |TAMS 0x000000070bc00000, 0x000000070bc00000| Untracked 
|  75|0x000000070be00000, 0x000000070be00000, 0x000000070c000000|  0%| F|  |TAMS 0x000000070be00000, 0x000000070be00000| Untracked 
|  76|0x000000070c000000, 0x000000070c000000, 0x000000070c200000|  0%| F|  |TAMS 0x000000070c000000, 0x000000070c000000| Untracked 
|  77|0x000000070c200000, 0x000000070c200000, 0x000000070c400000|  0%| F|  |TAMS 0x000000070c200000, 0x000000070c200000| Untracked 
|  78|0x000000070c400000, 0x000000070c400000, 0x000000070c600000|  0%| F|  |TAMS 0x000000070c400000, 0x000000070c400000| Untracked 
|  79|0x000000070c600000, 0x000000070c600000, 0x000000070c800000|  0%| F|  |TAMS 0x000000070c600000, 0x000000070c600000| Untracked 
|  80|0x000000070c800000, 0x000000070c800000, 0x000000070ca00000|  0%| F|  |TAMS 0x000000070c800000, 0x000000070c800000| Untracked 
|  81|0x000000070ca00000, 0x000000070ca00000, 0x000000070cc00000|  0%| F|  |TAMS 0x000000070ca00000, 0x000000070ca00000| Untracked 
|  82|0x000000070cc00000, 0x000000070cc00000, 0x000000070ce00000|  0%| F|  |TAMS 0x000000070cc00000, 0x000000070cc00000| Untracked 
|  83|0x000000070ce00000, 0x000000070ce00000, 0x000000070d000000|  0%| F|  |TAMS 0x000000070ce00000, 0x000000070ce00000| Untracked 
|  84|0x000000070d000000, 0x000000070d000000, 0x000000070d200000|  0%| F|  |TAMS 0x000000070d000000, 0x000000070d000000| Untracked 
|  85|0x000000070d200000, 0x000000070d200000, 0x000000070d400000|  0%| F|  |TAMS 0x000000070d200000, 0x000000070d200000| Untracked 
|  86|0x000000070d400000, 0x000000070d400000, 0x000000070d600000|  0%| F|  |TAMS 0x000000070d400000, 0x000000070d400000| Untracked 
|  87|0x000000070d600000, 0x000000070d600000, 0x000000070d800000|  0%| F|  |TAMS 0x000000070d600000, 0x000000070d600000| Untracked 
|  88|0x000000070d800000, 0x000000070d800000, 0x000000070da00000|  0%| F|  |TAMS 0x000000070d800000, 0x000000070d800000| Untracked 
|  89|0x000000070da00000, 0x000000070da00000, 0x000000070dc00000|  0%| F|  |TAMS 0x000000070da00000, 0x000000070da00000| Untracked 
|  90|0x000000070dc00000, 0x000000070dc00000, 0x000000070de00000|  0%| F|  |TAMS 0x000000070dc00000, 0x000000070dc00000| Untracked 
|  91|0x000000070de00000, 0x000000070de00000, 0x000000070e000000|  0%| F|  |TAMS 0x000000070de00000, 0x000000070de00000| Untracked 
|  92|0x000000070e000000, 0x000000070e000000, 0x000000070e200000|  0%| F|  |TAMS 0x000000070e000000, 0x000000070e000000| Untracked 
|  93|0x000000070e200000, 0x000000070e200000, 0x000000070e400000|  0%| F|  |TAMS 0x000000070e200000, 0x000000070e200000| Untracked 
|  94|0x000000070e400000, 0x000000070e400000, 0x000000070e600000|  0%| F|  |TAMS 0x000000070e400000, 0x000000070e400000| Untracked 
|  95|0x000000070e600000, 0x000000070e600000, 0x000000070e800000|  0%| F|  |TAMS 0x000000070e600000, 0x000000070e600000| Untracked 
|  96|0x000000070e800000, 0x000000070e800000, 0x000000070ea00000|  0%| F|  |TAMS 0x000000070e800000, 0x000000070e800000| Untracked 
|  97|0x000000070ea00000, 0x000000070ea00000, 0x000000070ec00000|  0%| F|  |TAMS 0x000000070ea00000, 0x000000070ea00000| Untracked 
|  98|0x000000070ec00000, 0x000000070ec00000, 0x000000070ee00000|  0%| F|  |TAMS 0x000000070ec00000, 0x000000070ec00000| Untracked 
|  99|0x000000070ee00000, 0x000000070ee00000, 0x000000070f000000|  0%| F|  |TAMS 0x000000070ee00000, 0x000000070ee00000| Untracked 
| 100|0x000000070f000000, 0x000000070f000000, 0x000000070f200000|  0%| F|  |TAMS 0x000000070f000000, 0x000000070f000000| Untracked 
| 101|0x000000070f200000, 0x000000070f200000, 0x000000070f400000|  0%| F|  |TAMS 0x000000070f200000, 0x000000070f200000| Untracked 
| 102|0x000000070f400000, 0x000000070f400000, 0x000000070f600000|  0%| F|  |TAMS 0x000000070f400000, 0x000000070f400000| Untracked 
| 103|0x000000070f600000, 0x000000070f600000, 0x000000070f800000|  0%| F|  |TAMS 0x000000070f600000, 0x000000070f600000| Untracked 
| 104|0x000000070f800000, 0x000000070f800000, 0x000000070fa00000|  0%| F|  |TAMS 0x000000070f800000, 0x000000070f800000| Untracked 
| 105|0x000000070fa00000, 0x000000070fa00000, 0x000000070fc00000|  0%| F|  |TAMS 0x000000070fa00000, 0x000000070fa00000| Untracked 
| 106|0x000000070fc00000, 0x000000070fc00000, 0x000000070fe00000|  0%| F|  |TAMS 0x000000070fc00000, 0x000000070fc00000| Untracked 
| 107|0x000000070fe00000, 0x000000070fe00000, 0x0000000710000000|  0%| F|  |TAMS 0x000000070fe00000, 0x000000070fe00000| Untracked 
| 108|0x0000000710000000, 0x0000000710000000, 0x0000000710200000|  0%| F|  |TAMS 0x0000000710000000, 0x0000000710000000| Untracked 
| 109|0x0000000710200000, 0x0000000710200000, 0x0000000710400000|  0%| F|  |TAMS 0x0000000710200000, 0x0000000710200000| Untracked 
| 110|0x0000000710400000, 0x0000000710400000, 0x0000000710600000|  0%| F|  |TAMS 0x0000000710400000, 0x0000000710400000| Untracked 
| 111|0x0000000710600000, 0x0000000710600000, 0x0000000710800000|  0%| F|  |TAMS 0x0000000710600000, 0x0000000710600000| Untracked 
| 112|0x0000000710800000, 0x0000000710800000, 0x0000000710a00000|  0%| F|  |TAMS 0x0000000710800000, 0x0000000710800000| Untracked 
| 113|0x0000000710a00000, 0x0000000710a00000, 0x0000000710c00000|  0%| F|  |TAMS 0x0000000710a00000, 0x0000000710a00000| Untracked 
| 114|0x0000000710c00000, 0x0000000710e00000, 0x0000000710e00000|100%| S|CS|TAMS 0x0000000710c00000, 0x0000000710c00000| Complete 
| 115|0x0000000710e00000, 0x0000000711000000, 0x0000000711000000|100%| S|CS|TAMS 0x0000000710e00000, 0x0000000710e00000| Complete 
| 116|0x0000000711000000, 0x0000000711000000, 0x0000000711200000|  0%| F|  |TAMS 0x0000000711000000, 0x0000000711000000| Untracked 
| 117|0x0000000711200000, 0x0000000711200000, 0x0000000711400000|  0%| F|  |TAMS 0x0000000711200000, 0x0000000711200000| Untracked 
| 118|0x0000000711400000, 0x0000000711400000, 0x0000000711600000|  0%| F|  |TAMS 0x0000000711400000, 0x0000000711400000| Untracked 
| 119|0x0000000711600000, 0x0000000711600000, 0x0000000711800000|  0%| F|  |TAMS 0x0000000711600000, 0x0000000711600000| Untracked 
| 120|0x0000000711800000, 0x0000000711a00000, 0x0000000711a00000|100%| E|  |TAMS 0x0000000711800000, 0x0000000711800000| Complete 
| 121|0x0000000711a00000, 0x0000000711c00000, 0x0000000711c00000|100%| E|CS|TAMS 0x0000000711a00000, 0x0000000711a00000| Complete 
| 122|0x0000000711c00000, 0x0000000711e00000, 0x0000000711e00000|100%| E|CS|TAMS 0x0000000711c00000, 0x0000000711c00000| Complete 
| 123|0x0000000711e00000, 0x0000000712000000, 0x0000000712000000|100%| E|CS|TAMS 0x0000000711e00000, 0x0000000711e00000| Complete 
| 124|0x0000000712000000, 0x0000000712200000, 0x0000000712200000|100%| E|CS|TAMS 0x0000000712000000, 0x0000000712000000| Complete 
| 125|0x0000000712200000, 0x0000000712400000, 0x0000000712400000|100%| E|CS|TAMS 0x0000000712200000, 0x0000000712200000| Complete 
| 126|0x0000000712400000, 0x0000000712600000, 0x0000000712600000|100%| E|CS|TAMS 0x0000000712400000, 0x0000000712400000| Complete 

Card table byte_map: [0x0000013df9240000,0x0000013df9a30000] _byte_map_base: 0x0000013df5a2c000

Marking Bits (Prev, Next): (CMBitMap*) 0x0000013df50b5ef0, (CMBitMap*) 0x0000013df50b5f30
 Prev Bits: [0x0000013dfa220000, 0x0000013dfe180000)
 Next Bits: [0x0000013d8f000000, 0x0000013d92f60000)

Polling page: 0x0000013df47d0000

Metaspace:

Usage:
  Non-class:     14.18 MB used.
      Class:      1.87 MB used.
       Both:     16.05 MB used.

Virtual space:
  Non-class space:       64.00 MB reserved,      14.31 MB ( 22%) committed,  1 nodes.
      Class space:        1.00 GB reserved,       2.00 MB ( <1%) committed,  1 nodes.
             Both:        1.06 GB reserved,      16.31 MB (  1%) committed. 

Chunk freelists:
   Non-Class:  995.00 KB
       Class:  14.04 MB
        Both:  15.02 MB

MaxMetaspaceSize: unlimited
CompressedClassSpaceSize: 1.00 GB
Initial GC threshold: 21.00 MB
Current GC threshold: 21.00 MB
CDS: off
MetaspaceReclaimPolicy: balanced
 - commit_granule_bytes: 65536.
 - commit_granule_words: 8192.
 - virtual_space_node_default_size: 8388608.
 - enlarge_chunks_in_place: 1.
 - new_chunks_are_fully_committed: 0.
 - uncommit_free_chunks: 1.
 - use_allocation_guard: 0.
 - handle_deallocations: 1.


Internal statistics:

num_allocs_failed_limit: 0.
num_arena_births: 78.
num_arena_deaths: 0.
num_vsnodes_births: 2.
num_vsnodes_deaths: 0.
num_space_committed: 261.
num_space_uncommitted: 0.
num_chunks_returned_to_freelist: 0.
num_chunks_taken_from_freelist: 301.
num_chunk_merges: 0.
num_chunk_splits: 196.
num_chunks_enlarged: 164.
num_inconsistent_stats: 0.

CodeHeap 'non-profiled nmethods': size=120000Kb used=455Kb max_used=455Kb free=119544Kb
 bounds [0x0000013d87ad0000, 0x0000013d87d40000, 0x0000013d8f000000]
CodeHeap 'profiled nmethods': size=120000Kb used=2196Kb max_used=2196Kb free=117803Kb
 bounds [0x0000013d80000000, 0x0000013d80270000, 0x0000013d87530000]
CodeHeap 'non-nmethods': size=5760Kb used=1165Kb max_used=1183Kb free=4594Kb
 bounds [0x0000013d87530000, 0x0000013d877a0000, 0x0000013d87ad0000]
 total_blobs=1642 nmethods=1182 adapters=373
 compilation: enabled
              stopped_count=0, restarted_count=0
 full_count=0

Compilation events (20 events):
Event: 9.692 Thread 0x0000013dfef17d60 nmethod 1173 0x0000013d80220290 code [0x0000013d80220540, 0x0000013d80221298]
Event: 9.692 Thread 0x0000013dfef17d60 1174       3       jdk.internal.misc.Unsafe::copyMemoryChecks (21 bytes)
Event: 9.693 Thread 0x0000013dfef17d60 nmethod 1174 0x0000013d80221890 code [0x0000013d80221b40, 0x0000013d802228a8]
Event: 9.693 Thread 0x0000013dfef17d60 1175       3       jdk.internal.misc.Unsafe::checkOffset (32 bytes)
Event: 9.693 Thread 0x0000013dfef17d60 nmethod 1175 0x0000013d80222e10 code [0x0000013d80222fc0, 0x0000013d80223248]
Event: 9.816 Thread 0x0000013dfef17d60 1176       3       java.util.LinkedHashMap$LinkedHashIterator::<init> (31 bytes)
Event: 9.816 Thread 0x0000013dfef17d60 nmethod 1176 0x0000013d80223390 code [0x0000013d80223540, 0x0000013d802237b8]
Event: 10.418 Thread 0x0000013dfef17d60 1177       3       java.util.concurrent.ThreadPoolExecutor::isShutdown (12 bytes)
Event: 10.418 Thread 0x0000013dfef17d60 nmethod 1177 0x0000013d80223890 code [0x0000013d80223a40, 0x0000013d80223c38]
Event: 10.418 Thread 0x0000013dfef17d60 1178       3       java.util.concurrent.locks.ReentrantLock$NonfairSync::initialTryLock (58 bytes)
Event: 10.418 Thread 0x0000013dfef17d60 nmethod 1178 0x0000013d80223d10 code [0x0000013d80223ee0, 0x0000013d802242f8]
Event: 10.526 Thread 0x0000013dfef17d60 1179       3       java.util.concurrent.locks.ReentrantLock::unlock (10 bytes)
Event: 10.527 Thread 0x0000013dfef17d60 nmethod 1179 0x0000013d80224410 code [0x0000013d802245e0, 0x0000013d802248b8]
Event: 13.403 Thread 0x0000013dfef17d60 1180       1       org.gradle.internal.logging.events.CategorisedOutputEvent::getLogLevel (5 bytes)
Event: 13.403 Thread 0x0000013dfef17d60 nmethod 1180 0x0000013d87b41b90 code [0x0000013d87b41d20, 0x0000013d87b41df8]
Event: 13.415 Thread 0x0000013dfef17d60 1181       3       org.gradle.internal.logging.text.AbstractLineChoppingStyledTextOutput$StateContext::setState (10 bytes)
Event: 13.415 Thread 0x0000013dfef17d60 nmethod 1181 0x0000013d80224a10 code [0x0000013d80224bc0, 0x0000013d80224d98]
Event: 13.416 Thread 0x0000013dfef17d60 1182       3       org.gradle.internal.logging.text.AbstractLineChoppingStyledTextOutput$1::execute (9 bytes)
Event: 13.416 Thread 0x0000013dfef17d60 nmethod 1182 0x0000013d80224e90 code [0x0000013d80225040, 0x0000013d80225288]
Event: 13.416 Thread 0x0000013dfef17d60 1183       3       org.gradle.internal.logging.text.AbstractLineChoppingStyledTextOutput$1::execute (140 bytes)

GC Heap History (2 events):
Event: 1.847 GC heap before
{Heap before GC invocations=0 (full 0):
 garbage-first heap   total 260096K, used 24576K [0x0000000702800000, 0x0000000800000000)
  region size 2048K, 11 young (22528K), 0 survivors (0K)
 Metaspace       used 11097K, committed 11264K, reserved 1114112K
  class space    used 1152K, committed 1216K, reserved 1048576K
}
Event: 1.852 GC heap after
{Heap after GC invocations=1 (full 0):
 garbage-first heap   total 260096K, used 10109K [0x0000000702800000, 0x0000000800000000)
  region size 2048K, 2 young (4096K), 2 survivors (4096K)
 Metaspace       used 11097K, committed 11264K, reserved 1114112K
  class space    used 1152K, committed 1216K, reserved 1048576K
}

Dll operation events (2 events):
Event: 0.018 Loaded shared library C:\Program Files\Android\Android Studio\jbr\bin\java.dll
Event: 0.271 Loaded shared library C:\Program Files\Android\Android Studio\jbr\bin\verify.dll

Deoptimization events (20 events):
Event: 2.113 Thread 0x0000013df504af20 Uncommon trap: trap_request=0xffffff45 fr.pc=0x0000013d87b0126c relative=0x00000000000010ec
Event: 2.113 Thread 0x0000013df504af20 Uncommon trap: reason=unstable_if action=reinterpret pc=0x0000013d87b0126c method=java.util.HashMap.putVal(ILjava/lang/Object;Ljava/lang/Object;ZZ)Ljava/lang/Object; @ 236 c2
Event: 2.113 Thread 0x0000013df504af20 DEOPT PACKING pc=0x0000013d87b0126c sp=0x000000364bdfbea0
Event: 2.113 Thread 0x0000013df504af20 DEOPT UNPACKING pc=0x0000013d875869a3 sp=0x000000364bdfbe68 mode 2
Event: 2.134 Thread 0x0000013df504af20 DEOPT PACKING pc=0x0000013d8009e165 sp=0x000000364bdfb650
Event: 2.134 Thread 0x0000013df504af20 DEOPT UNPACKING pc=0x0000013d87587143 sp=0x000000364bdfaaa0 mode 0
Event: 2.227 Thread 0x0000013df504af20 DEOPT PACKING pc=0x0000013d800eb3c8 sp=0x000000364bdf9460
Event: 2.227 Thread 0x0000013df504af20 DEOPT UNPACKING pc=0x0000013d87587143 sp=0x000000364bdf8978 mode 0
Event: 2.409 Thread 0x0000013df504af20 Uncommon trap: trap_request=0xffffff45 fr.pc=0x0000013d87b23b1c relative=0x0000000000001cdc
Event: 2.409 Thread 0x0000013df504af20 Uncommon trap: reason=unstable_if action=reinterpret pc=0x0000013d87b23b1c method=java.io.WinNTFileSystem.normalize(Ljava/lang/String;)Ljava/lang/String; @ 128 c2
Event: 2.409 Thread 0x0000013df504af20 DEOPT PACKING pc=0x0000013d87b23b1c sp=0x000000364bdfb970
Event: 2.409 Thread 0x0000013df504af20 DEOPT UNPACKING pc=0x0000013d875869a3 sp=0x000000364bdfb958 mode 2
Event: 2.838 Thread 0x0000013df504af20 Uncommon trap: trap_request=0xffffff45 fr.pc=0x0000013d87b0aee4 relative=0x00000000000006a4
Event: 2.838 Thread 0x0000013df504af20 Uncommon trap: reason=unstable_if action=reinterpret pc=0x0000013d87b0aee4 method=java.lang.AbstractStringBuilder.append(Ljava/lang/String;)Ljava/lang/AbstractStringBuilder; @ 1 c2
Event: 2.838 Thread 0x0000013df504af20 DEOPT PACKING pc=0x0000013d87b0aee4 sp=0x000000364bdfc700
Event: 2.838 Thread 0x0000013df504af20 DEOPT UNPACKING pc=0x0000013d875869a3 sp=0x000000364bdfc680 mode 2
Event: 2.838 Thread 0x0000013df504af20 Uncommon trap: trap_request=0xffffff45 fr.pc=0x0000013d87b064e4 relative=0x00000000000006a4
Event: 2.838 Thread 0x0000013df504af20 Uncommon trap: reason=unstable_if action=reinterpret pc=0x0000013d87b064e4 method=java.lang.AbstractStringBuilder.append(Ljava/lang/String;)Ljava/lang/AbstractStringBuilder; @ 1 c2
Event: 2.838 Thread 0x0000013df504af20 DEOPT PACKING pc=0x0000013d87b064e4 sp=0x000000364bdfc6a0
Event: 2.838 Thread 0x0000013df504af20 DEOPT UNPACKING pc=0x0000013d875869a3 sp=0x000000364bdfc688 mode 2

Classes unloaded (0 events):
No events

Classes redefined (0 events):
No events

Internal exceptions (18 events):
Event: 0.549 Thread 0x0000013df504af20 Exception <a 'java/lang/NoSuchMethodError'{0x000000071237bfb0}: 'int java.lang.invoke.DirectMethodHandle$Holder.invokeStaticInit(java.lang.Object, java.lang.Object)'> (0x000000071237bfb0) 
thrown [s\src\hotspot\share\interpreter\linkResolver.cpp, line 771]
Event: 1.774 Thread 0x0000013df504af20 Exception <a 'java/lang/NoSuchMethodError'{0x000000071108a9b8}: 'void java.lang.invoke.DirectMethodHandle$Holder.invokeStatic(java.lang.Object, java.lang.Object)'> (0x000000071108a9b8) 
thrown [s\src\hotspot\share\interpreter\linkResolver.cpp, line 771]
Event: 1.800 Thread 0x0000013df504af20 Exception <a 'java/lang/NoClassDefFoundError'{0x0000000711115970}: org/slf4j/impl/StaticMarkerBinder> (0x0000000711115970) 
thrown [s\src\hotspot\share\classfile\systemDictionary.cpp, line 245]
Event: 1.830 Thread 0x0000013df504af20 Exception <a 'java/lang/NoSuchMethodError'{0x00000007111b0ee8}: 'java.lang.Object java.lang.invoke.DirectMethodHandle$Holder.invokeVirtual(java.lang.Object, java.lang.Object, java.lang.Object, java.lang.Object, java.lang.Object, java.lang.Object, java.lang.Object)'> (0x00000007111b0ee8) 
thrown [s\src\hotspot\share\interpreter\linkResolver.cpp, line 771]
Event: 1.833 Thread 0x0000013df504af20 Exception <a 'java/lang/NoSuchMethodError'{0x00000007111c24a8}: 'java.lang.Object java.lang.invoke.Invokers$Holder.invoker(java.lang.Object, java.lang.Object, java.lang.Object)'> (0x00000007111c24a8) 
thrown [s\src\hotspot\share\interpreter\linkResolver.cpp, line 771]
Event: 1.836 Thread 0x0000013df504af20 Exception <a 'java/lang/NoSuchMethodError'{0x00000007111cb790}: 'java.lang.Object java.lang.invoke.DirectMethodHandle$Holder.invokeStatic(java.lang.Object, java.lang.Object, int)'> (0x00000007111cb790) 
thrown [s\src\hotspot\share\interpreter\linkResolver.cpp, line 771]
Event: 1.838 Thread 0x0000013df504af20 Exception <a 'java/lang/NoSuchMethodError'{0x00000007111d7480}: 'void java.lang.invoke.DelegatingMethodHandle$Holder.delegate(java.lang.Object, java.lang.Object, int, java.lang.Object)'> (0x00000007111d7480) 
thrown [s\src\hotspot\share\interpreter\linkResolver.cpp, line 771]
Event: 1.839 Thread 0x0000013df504af20 Exception <a 'java/lang/NoSuchMethodError'{0x00000007111db5c8}: 'int java.lang.invoke.DirectMethodHandle$Holder.invokeSpecial(java.lang.Object, java.lang.Object, java.lang.Object)'> (0x00000007111db5c8) 
thrown [s\src\hotspot\share\interpreter\linkResolver.cpp, line 771]
Event: 1.844 Thread 0x0000013df504af20 Exception <a 'java/lang/NoSuchMethodError'{0x00000007111ee780}: 'java.lang.Object java.lang.invoke.Invokers$Holder.invokeExact_MT(java.lang.Object, java.lang.Object, java.lang.Object, java.lang.Object)'> (0x00000007111ee780) 
thrown [s\src\hotspot\share\interpreter\linkResolver.cpp, line 771]
Event: 2.018 Thread 0x0000013df504af20 Exception <a 'java/lang/NoSuchMethodError'{0x0000000712063780}: 'void java.lang.invoke.DirectMethodHandle$Holder.invokeSpecial(java.lang.Object, java.lang.Object, java.lang.Object)'> (0x0000000712063780) 
thrown [s\src\hotspot\share\interpreter\linkResolver.cpp, line 771]
Event: 2.039 Thread 0x0000013df504af20 Implicit null exception at 0x0000013d87b1b00f to 0x0000013d87b1b484
Event: 2.039 Thread 0x0000013df504af20 Implicit null exception at 0x0000013d87b0ca0f to 0x0000013d87b0ce5c
Event: 2.093 Thread 0x0000013df504af20 Exception <a 'java/lang/NoSuchMethodError'{0x0000000711e0ce88}: 'java.lang.Object java.lang.invoke.DirectMethodHandle$Holder.invokeStaticInit(java.lang.Object)'> (0x0000000711e0ce88) 
thrown [s\src\hotspot\share\interpreter\linkResolver.cpp, line 771]
Event: 2.294 Thread 0x0000013df504af20 Exception <a 'java/lang/NoSuchMethodError'{0x0000000711a20fb0}: 'java.lang.Object java.lang.invoke.DirectMethodHandle$Holder.invokeStaticInit(java.lang.Object, int, int, int, int)'> (0x0000000711a20fb0) 
thrown [s\src\hotspot\share\interpreter\linkResolver.cpp, line 771]
Event: 2.435 Thread 0x0000013df504af20 Exception <a 'java/lang/NoSuchMethodError'{0x0000000711a66568}: 'java.lang.Object java.lang.invoke.DirectMethodHandle$Holder.invokeStaticInit(java.lang.Object, java.lang.Object, int, int, int, int)'> (0x0000000711a66568) 
thrown [s\src\hotspot\share\interpreter\linkResolver.cpp, line 771]
Event: 2.799 Thread 0x0000013df504af20 Exception <a 'java/lang/NoSuchMethodError'{0x0000000711a94058}: 'void java.lang.invoke.DirectMethodHandle$Holder.invokeStatic(java.lang.Object, java.lang.Object, java.lang.Object)'> (0x0000000711a94058) 
thrown [s\src\hotspot\share\interpreter\linkResolver.cpp, line 771]
Event: 2.838 Thread 0x0000013df504af20 Implicit null exception at 0x0000013d87b0a872 to 0x0000013d87b0aecc
Event: 2.838 Thread 0x0000013df504af20 Implicit null exception at 0x0000013d87b05e72 to 0x0000013d87b064cc

VM Operations (20 events):
Event: 0.260 Executing VM operation: HandshakeAllThreads
Event: 0.260 Executing VM operation: HandshakeAllThreads done
Event: 1.268 Executing VM operation: Cleanup
Event: 1.269 Executing VM operation: Cleanup done
Event: 1.599 Executing VM operation: HandshakeAllThreads
Event: 1.599 Executing VM operation: HandshakeAllThreads done
Event: 1.835 Executing VM operation: HandshakeAllThreads
Event: 1.835 Executing VM operation: HandshakeAllThreads done
Event: 1.846 Executing VM operation: G1CollectForAllocation
Event: 1.852 Executing VM operation: G1CollectForAllocation done
Event: 2.204 Executing VM operation: HandshakeAllThreads
Event: 2.204 Executing VM operation: HandshakeAllThreads done
Event: 2.411 Executing VM operation: HandshakeAllThreads
Event: 2.412 Executing VM operation: HandshakeAllThreads done
Event: 3.419 Executing VM operation: Cleanup
Event: 3.419 Executing VM operation: Cleanup done
Event: 5.444 Executing VM operation: Cleanup
Event: 5.444 Executing VM operation: Cleanup done
Event: 7.448 Executing VM operation: Cleanup
Event: 7.448 Executing VM operation: Cleanup done

Events (20 events):
Event: 6.855 loading class jdk/internal/reflect/ByteVectorFactory
Event: 6.855 loading class jdk/internal/reflect/ByteVectorFactory done
Event: 6.855 loading class jdk/internal/reflect/ByteVectorImpl
Event: 6.855 loading class jdk/internal/reflect/ByteVector
Event: 6.855 loading class jdk/internal/reflect/ByteVector done
Event: 6.855 loading class jdk/internal/reflect/ByteVectorImpl done
Event: 6.855 loading class jdk/internal/reflect/ClassFileAssembler
Event: 6.855 loading class jdk/internal/reflect/ClassFileAssembler done
Event: 6.855 loading class jdk/internal/reflect/UTF8
Event: 6.855 loading class jdk/internal/reflect/UTF8 done
Event: 6.856 loading class jdk/internal/reflect/Label
Event: 6.856 loading class jdk/internal/reflect/Label done
Event: 6.856 loading class jdk/internal/reflect/Label$PatchInfo
Event: 6.856 loading class jdk/internal/reflect/Label$PatchInfo done
Event: 6.856 loading class jdk/internal/reflect/MethodAccessorGenerator$1
Event: 6.856 loading class jdk/internal/reflect/MethodAccessorGenerator$1 done
Event: 6.857 loading class jdk/internal/reflect/ClassDefiner
Event: 6.857 loading class jdk/internal/reflect/ClassDefiner done
Event: 6.857 loading class jdk/internal/reflect/ClassDefiner$1
Event: 6.857 loading class jdk/internal/reflect/ClassDefiner$1 done


Dynamic libraries:
0x00007ff7375f0000 - 0x00007ff7375fa000 	C:\Program Files\Android\Android Studio\jbr\bin\java.exe
0x00007fff5bfb0000 - 0x00007fff5c1c7000 	C:\WINDOWS\SYSTEM32\ntdll.dll
0x00007fff5a6f0000 - 0x00007fff5a7b4000 	C:\WINDOWS\System32\KERNEL32.DLL
0x00007fff59390000 - 0x00007fff5974a000 	C:\WINDOWS\System32\KERNELBASE.dll
0x0000000071730000 - 0x0000000071a62000 	C:\Program Files\Norton Security\NortonData\22.23.5.106\Definitions\IPSDefs\20240419.064\IPSEng64.dll
0x00007fff5bdc0000 - 0x00007fff5be72000 	C:\WINDOWS\System32\ADVAPI32.dll
0x00007fff5ad10000 - 0x00007fff5adb7000 	C:\WINDOWS\System32\msvcrt.dll
0x00007fff59d10000 - 0x00007fff59db7000 	C:\WINDOWS\System32\sechost.dll
0x00007fff59840000 - 0x00007fff59868000 	C:\WINDOWS\System32\bcrypt.dll
0x00007fff5ab40000 - 0x00007fff5ac54000 	C:\WINDOWS\System32\RPCRT4.dll
0x00007fff5a980000 - 0x00007fff5a988000 	C:\WINDOWS\System32\PSAPI.DLL
0x00007fff59270000 - 0x00007fff59381000 	C:\WINDOWS\System32\ucrtbase.dll
0x00007fff33e10000 - 0x00007fff33e2b000 	C:\Program Files\Android\Android Studio\jbr\bin\VCRUNTIME140.dll
0x00007fff39d70000 - 0x00007fff39d87000 	C:\Program Files\Android\Android Studio\jbr\bin\jli.dll
0x00007fff5a990000 - 0x00007fff5ab3e000 	C:\WINDOWS\System32\USER32.dll
0x00007fff59750000 - 0x00007fff59776000 	C:\WINDOWS\System32\win32u.dll
0x00007fff5bd90000 - 0x00007fff5bdb9000 	C:\WINDOWS\System32\GDI32.dll
0x00007fff59a10000 - 0x00007fff59b2b000 	C:\WINDOWS\System32\gdi32full.dll
0x00007fff59870000 - 0x00007fff5990a000 	C:\WINDOWS\System32\msvcp_win.dll
0x00007fff46230000 - 0x00007fff464c2000 	C:\WINDOWS\WinSxS\amd64_microsoft.windows.common-controls_6595b64144ccf1df_6.0.22621.4541_none_2710d1c57384c085\COMCTL32.dll
0x00007fff5a500000 - 0x00007fff5a531000 	C:\WINDOWS\System32\IMM32.DLL
0x00007fff54fc0000 - 0x00007fff54fcc000 	C:\Program Files\Android\Android Studio\jbr\bin\vcruntime140_1.dll
0x00007fff33920000 - 0x00007fff339ad000 	C:\Program Files\Android\Android Studio\jbr\bin\msvcp140.dll
0x00007ffee1e80000 - 0x00007ffee2b03000 	C:\Program Files\Android\Android Studio\jbr\bin\server\jvm.dll
0x00007fff58840000 - 0x00007fff5888d000 	C:\WINDOWS\SYSTEM32\POWRPROF.dll
0x00007fff52550000 - 0x00007fff5255a000 	C:\WINDOWS\SYSTEM32\VERSION.dll
0x00007fff45950000 - 0x00007fff45959000 	C:\WINDOWS\SYSTEM32\WSOCK32.dll
0x00007fff5adc0000 - 0x00007fff5ae31000 	C:\WINDOWS\System32\WS2_32.dll
0x00007fff52510000 - 0x00007fff52544000 	C:\WINDOWS\SYSTEM32\WINMM.dll
0x00007fff587b0000 - 0x00007fff587c3000 	C:\WINDOWS\SYSTEM32\UMPDC.dll
0x00007fff582b0000 - 0x00007fff582c8000 	C:\WINDOWS\SYSTEM32\kernel.appcore.dll
0x00007fff54930000 - 0x00007fff5493a000 	C:\Program Files\Android\Android Studio\jbr\bin\jimage.dll
0x00007fff56cb0000 - 0x00007fff56ee2000 	C:\WINDOWS\SYSTEM32\DBGHELP.DLL
0x00007fff5afb0000 - 0x00007fff5b341000 	C:\WINDOWS\System32\combase.dll
0x00007fff5be80000 - 0x00007fff5bf57000 	C:\WINDOWS\System32\OLEAUT32.dll
0x00007fff51390000 - 0x00007fff513c2000 	C:\WINDOWS\SYSTEM32\dbgcore.DLL
0x00007fff59990000 - 0x00007fff59a0b000 	C:\WINDOWS\System32\bcryptPrimitives.dll
0x00007fff3ee20000 - 0x00007fff3ee45000 	C:\Program Files\Android\Android Studio\jbr\bin\java.dll
0x00007fff45530000 - 0x00007fff45548000 	C:\Program Files\Android\Android Studio\jbr\bin\zip.dll
0x00007fff5b510000 - 0x00007fff5bd89000 	C:\WINDOWS\System32\SHELL32.dll
0x00007fff571b0000 - 0x00007fff57ab9000 	C:\WINDOWS\SYSTEM32\windows.storage.dll
0x00007fff57070000 - 0x00007fff571af000 	C:\WINDOWS\SYSTEM32\wintypes.dll
0x00007fff5b350000 - 0x00007fff5b44a000 	C:\WINDOWS\System32\SHCORE.dll
0x00007fff59cb0000 - 0x00007fff59d0e000 	C:\WINDOWS\System32\shlwapi.dll
0x00007fff591a0000 - 0x00007fff591cb000 	C:\WINDOWS\SYSTEM32\profapi.dll
0x00007fff3b2f0000 - 0x00007fff3b309000 	C:\Program Files\Android\Android Studio\jbr\bin\net.dll
0x00007fff52100000 - 0x00007fff52236000 	C:\WINDOWS\SYSTEM32\WINHTTP.dll
0x00007fff587d0000 - 0x00007fff58839000 	C:\WINDOWS\system32\mswsock.dll
0x00007fff3b2d0000 - 0x00007fff3b2e6000 	C:\Program Files\Android\Android Studio\jbr\bin\nio.dll
0x00007fff52730000 - 0x00007fff52740000 	C:\Program Files\Android\Android Studio\jbr\bin\verify.dll
0x00007fff33cb0000 - 0x00007fff33cd7000 	C:\Users\AHMED\.gradle\native\68d5fa5c4cc2d200863cafc0d521ce42e7d3e7ee720ec0a83991735586a16f82\windows-amd64\native-platform.dll
0x00007fff53130000 - 0x00007fff53139000 	C:\Program Files\Android\Android Studio\jbr\bin\management.dll
0x00007fff52b80000 - 0x00007fff52b8b000 	C:\Program Files\Android\Android Studio\jbr\bin\management_ext.dll
0x00007fff58a70000 - 0x00007fff58a8b000 	C:\WINDOWS\SYSTEM32\CRYPTSP.dll
0x00007fff58210000 - 0x00007fff58245000 	C:\WINDOWS\system32\rsaenh.dll
0x00007fff58910000 - 0x00007fff58938000 	C:\WINDOWS\SYSTEM32\USERENV.dll
0x00007fff58a90000 - 0x00007fff58a9c000 	C:\WINDOWS\SYSTEM32\CRYPTBASE.dll
0x00007fff57d60000 - 0x00007fff57d8d000 	C:\WINDOWS\SYSTEM32\IPHLPAPI.DLL
0x00007fff59dc0000 - 0x00007fff59dc9000 	C:\WINDOWS\System32\NSI.dll
0x00007fff51ef0000 - 0x00007fff51f09000 	C:\WINDOWS\SYSTEM32\dhcpcsvc6.DLL
0x00007fff51eb0000 - 0x00007fff51ecf000 	C:\WINDOWS\SYSTEM32\dhcpcsvc.DLL
0x00007fff57de0000 - 0x00007fff57ee2000 	C:\WINDOWS\SYSTEM32\DNSAPI.dll
0x00007fff548b0000 - 0x00007fff548b9000 	C:\Program Files\Android\Android Studio\jbr\bin\extnet.dll
0x00007fff2e340000 - 0x00007fff2e348000 	C:\WINDOWS\system32\wshunix.dll

dbghelp: loaded successfully - version: 4.0.5 - missing functions: none
symbol engine: initialized successfully - sym options: 0x614 - pdb path: .;C:\Program Files\Android\Android Studio\jbr\bin;C:\WINDOWS\SYSTEM32;C:\Program Files\Norton Security\NortonData\22.23.5.106\Definitions\IPSDefs\20240419.064;C:\WINDOWS\WinSxS\amd64_microsoft.windows.common-controls_6595b64144ccf1df_6.0.22621.4541_none_2710d1c57384c085;C:\Program Files\Android\Android Studio\jbr\bin\server;C:\Users\AHMED\.gradle\native\68d5fa5c4cc2d200863cafc0d521ce42e7d3e7ee720ec0a83991735586a16f82\windows-amd64

VM Arguments:
jvm_args: -Dorg.gradle.appname=gradlew 
java_command: org.gradle.wrapper.GradleWrapperMain -q -Ptarget-platform=android-arm64 -Ptarget=E:\skincare1\lib\main.dart -Pbase-application-name=android.app.Application -Pdart-defines=Zmx1dHRlci5pbnNwZWN0b3Iuc3RydWN0dXJlZEVycm9ycz10cnVl -Pdart-obfuscation=false -Ptrack-widget-creation=true -Ptree-shake-icons=false -Pfilesystem-scheme=org-dartlang-root assembleDebug
java_class_path (initial): E:\skincare1\android\\gradle\wrapper\gradle-wrapper.jar
Launcher Type: SUN_STANDARD

[Global flags]
     intx CICompilerCount                          = 4                                         {product} {ergonomic}
     uint ConcGCThreads                            = 3                                         {product} {ergonomic}
     uint G1ConcRefinementThreads                  = 10                                        {product} {ergonomic}
   size_t G1HeapRegionSize                         = 2097152                                   {product} {ergonomic}
    uintx GCDrainStackTargetSize                   = 64                                        {product} {ergonomic}
   size_t InitialHeapSize                          = 266338304                                 {product} {ergonomic}
   size_t MarkStackSize                            = 4194304                                   {product} {ergonomic}
   size_t MaxHeapSize                              = 4253024256                                {product} {ergonomic}
   size_t MaxNewSize                               = 2550136832                                {product} {ergonomic}
   size_t MinHeapDeltaBytes                        = 2097152                                   {product} {ergonomic}
   size_t MinHeapSize                              = 8388608                                   {product} {ergonomic}
    uintx NonNMethodCodeHeapSize                   = 5839372                                {pd product} {ergonomic}
    uintx NonProfiledCodeHeapSize                  = 122909434                              {pd product} {ergonomic}
    uintx ProfiledCodeHeapSize                     = 122909434                              {pd product} {ergonomic}
    uintx ReservedCodeCacheSize                    = 251658240                              {pd product} {ergonomic}
     bool SegmentedCodeCache                       = true                                      {product} {ergonomic}
   size_t SoftMaxHeapSize                          = 4253024256                             {manageable} {ergonomic}
     bool UseCompressedClassPointers               = true                           {product lp64_product} {ergonomic}
     bool UseCompressedOops                        = true                           {product lp64_product} {ergonomic}
     bool UseG1GC                                  = true                                      {product} {ergonomic}
     bool UseLargePagesIndividualAllocation        = false                                  {pd product} {ergonomic}

Logging:
Log output configuration:
 #0: stdout all=warning uptime,level,tags
 #1: stderr all=off uptime,level,tags

Environment Variables:
JAVA_HOME=C:\Program Files\Android\Android Studio\jbr
CLASSPATH=E:\skincare1\android\\gradle\wrapper\gradle-wrapper.jar
PATH=C:\Program Files\Android\Android Studio\jbr\bin;C:\Windows\system32;C:\Windows;C:\Windows\System32\Wbem;C:\Windows\System32\WindowsPowerShell\v1.0\;C:\Windows\System32\OpenSSH\;C:\Program Files (x86)\NVIDIA Corporation\PhysX\Common;C:\Program Files\NVIDIA Corporation\NVIDIA NvDLISR;C:\WINDOWS\system32;C:\WINDOWS;C:\WINDOWS\System32\Wbem;C:\WINDOWS\System32\WindowsPowerShell\v1.0\;C:\WINDOWS\System32\OpenSSH\;C:\Program Files\nodejs\;C:\Program Files\Git\cmd;C:\Program Files\Java\jdk-16.0.2+7\bin;;C:\Windows\System32\OpenSSH;C:\Windows\System32\OpenSSH;C:\Users\AHMED\AppData\Local\Microsoft\WindowsApps;C:\Users\AHMED\flutter\bin;C:\Users\AHMED\AppData\Local\GitHubDesktop\bin;C:\Users\AHMED\AppData\Roaming\npm;C:\Users\AHMED\AppData\Local\Pub\Cache\bin;C:\Program Files\OpenSSL-Win64\bin;;C:\Users\AHMED\flutter\bin\mingit\cmd
USERNAME=AHMED
OS=Windows_NT
PROCESSOR_IDENTIFIER=Intel64 Family 6 Model 158 Stepping 10, GenuineIntel
TMP=C:\Users\AHMED\AppData\Local\Temp
TEMP=C:\Users\AHMED\AppData\Local\Temp



Periodic native trim disabled

JNI global refs:
JNI global refs: 20, weak refs: 7

JNI global refs memory usage: 843, weak refs: 841

OOME stack traces (most recent first):
Classloader memory used:
Loader bootstrap                                                                       : 1522K
Loader org.gradle.internal.classloader.VisitableURLClassLoader                         : 474K
Loader java.net.URLClassLoader                                                         : 26202B
Loader jdk.internal.loader.ClassLoaders$AppClassLoader                                 : 18431B
Loader jdk.internal.loader.ClassLoaders$PlatformClassLoader                            : 14151B
Loader jdk.internal.reflect.DelegatingClassLoader                                      : 439B

Classes loaded by more than one classloader:
Class org.gradle.internal.installation.GradleInstallation                             : loaded 2 times (x 73B)
Class org.gradle.cli.ParsedCommandLine                                                : loaded 2 times (x 78B)
Class org.gradle.internal.classpath.ClassPath                                         : loaded 2 times (x 68B)
Class org.gradle.api.Action                                                           : loaded 2 times (x 68B)
Class org.gradle.cli.CommandLineParser$OptionString                                   : loaded 2 times (x 71B)
Class org.gradle.internal.installation.GradleInstallation$1                           : loaded 2 times (x 73B)
Class org.gradle.cli.CommandLineParser$AfterOptions                                   : loaded 2 times (x 75B)
Class org.gradle.cli.CommandLineParser$AfterFirstSubCommand                           : loaded 2 times (x 75B)
Class org.gradle.internal.service.UnknownServiceException                             : loaded 2 times (x 81B)
Class org.gradle.api.GradleException                                                  : loaded 2 times (x 80B)
Class org.gradle.api.internal.classpath.ModuleRegistry                                : loaded 2 times (x 68B)
Class org.gradle.cli.CommandLineParser$KnownOptionParserState                         : loaded 2 times (x 74B)
Class org.gradle.cli.AbstractPropertiesCommandLineConverter                           : loaded 2 times (x 81B)
Class org.gradle.api.specs.Spec                                                       : loaded 2 times (x 68B)
Class org.gradle.cli.SystemPropertiesCommandLineConverter                             : loaded 2 times (x 81B)
Class org.gradle.internal.IoActions                                                   : loaded 2 times (x 69B)
Class org.gradle.internal.installation.CurrentGradleInstallation                      : loaded 2 times (x 71B)
Class org.gradle.internal.installation.CurrentGradleInstallationLocator               : loaded 2 times (x 69B)
Class org.gradle.internal.classpath.DefaultClassPath                                  : loaded 2 times (x 88B)
Class org.gradle.cli.CommandLineParser                                                : loaded 2 times (x 77B)
Class org.gradle.cli.CommandLineParser$BeforeFirstSubCommand                          : loaded 2 times (x 75B)
Class org.gradle.cli.CommandLineOption                                                : loaded 2 times (x 84B)
Class org.gradle.cli.CommandLineParser$ParserState                                    : loaded 2 times (x 74B)
Class org.gradle.cli.CommandLineParser$MissingOptionArgState                          : loaded 2 times (x 75B)
Class org.gradle.api.UncheckedIOException                                             : loaded 2 times (x 80B)
Class org.gradle.cli.ParsedCommandLineOption                                          : loaded 2 times (x 74B)
Class org.gradle.internal.classloader.ClasspathUtil                                   : loaded 2 times (x 69B)
Class org.gradle.cli.CommandLineParser$UnknownOptionParserState                       : loaded 2 times (x 74B)
Class org.gradle.internal.service.ServiceLookupException                              : loaded 2 times (x 80B)
Class org.gradle.util.internal.GUtil                                                  : loaded 2 times (x 69B)
Class org.gradle.cli.CommandLineParser$OptionAwareParserState                         : loaded 2 times (x 75B)
Class org.gradle.cli.CommandLineParser$OptionParserState                              : loaded 2 times (x 73B)
Class org.gradle.internal.Cast                                                        : loaded 2 times (x 69B)
Class org.gradle.cli.CommandLineConverter                                             : loaded 2 times (x 68B)
Class org.gradle.internal.InternalTransformer                                         : loaded 2 times (x 68B)
Class org.gradle.internal.classpath.DefaultClassPath$ImmutableUniqueList              : loaded 2 times (x 159B)
Class org.gradle.cli.AbstractCommandLineConverter                                     : loaded 2 times (x 77B)
Class org.gradle.cli.CommandLineArgumentException                                     : loaded 2 times (x 80B)


---------------  S Y S T E M  ---------------

OS:
 Windows 11 , 64 bit Build 22621 (10.0.22621.4391)
OS uptime: 1 days 10:10 hours

CPU: total 12 (initial active 12) (6 cores per cpu, 2 threads per core) family 6 model 158 stepping 10 microcode 0xde, cx8, cmov, fxsr, ht, mmx, 3dnowpref, sse, sse2, sse3, ssse3, sse4.1, sse4.2, popcnt, lzcnt, tsc, tscinvbit, avx, avx2, aes, erms, clmul, bmi1, bmi2, adx, fma, vzeroupper, clflush, clflushopt
Processor Information for all 12 processors :
  Max Mhz: 2592, Current Mhz: 2592, Mhz Limit: 2592

Memory: 4k page, system-wide physical 16221M (215M free)
TotalPageFile size 32077M (AvailPageFile size 61M)
current process WorkingSet (physical memory assigned to process): 92M, peak: 93M
current process commit charge ("private bytes"): 364M, peak: 365M

vm_info: OpenJDK 64-Bit Server VM (17.0.10+0--11609105) for windows-amd64 JRE (17.0.10+0--11609105), built on Mar 21 2024 19:10:56 by "androidbuild" with MS VC++ 16.10 / 16.11 (VS2019)

END.
